---
source: tests/models/user_ids.rs
expression: res
---
Ok(
    Model {
        created_at: DATE,
        updated_at: DATE,
        id: ID,
        user_id: PID,
    },
)
